﻿[36mvite v8.0.10 [32mbuilding client environment for production...[36m[39m
[2K
transforming...Γ£ô 2330 modules transformed.
rendering chunks...
computing gzip size...
dist/registerSW.js                0.13 kB
dist/manifest.webmanifest         0.38 kB
dist/index.html                   1.23 kB Γöé gzip:   0.57 kB
dist/assets/index-BjSgLWWP.css   39.73 kB Γöé gzip:   7.54 kB
dist/assets/index-_0n91RhR.js   850.06 kB Γöé gzip: 248.64 kB

node.exe : [33m[plugin 
builtin:vite-reporter] 
At line:1 char:1
+ & "C:\Program 
Files\nodejs/node.exe" 
"C:\Program 
Files\nodejs/node_mo ...
+ ~~~~~~~~~~~~~~~~~~~~~~~~~~~~
~~~~~~~~~~~~~~~~~~~~~~~~~~~~~~
~~~~~~~~~~~
    + CategoryInfo          : 
    NotSpecified: ([33m[plu  
  gin builtin:vite-reporter   
 ] :String) [], RemoteExce    
ption
    + FullyQualifiedErrorId : 
    NativeCommandError
 
(!) Some chunks are larger 
than 500 kB after 
minification. Consider:
- Using dynamic import() to 
code-split the application
- Use build.rolldownOptions.ou
tput.codeSplitting to improve 
chunking: https://rolldown.rs/
reference/OutputOptions.codeSp
litting
- Adjust chunk size limit for 
this warning via build.chunkSi
zeWarningLimit.[39m
[31mΓ£ù[39m Build failed in 
1.42s

PWA v1.2.0
mode      generateSW
precache  7 entries (875.44 KiB)
files generated
  dist/sw.js
  dist/workbox-66610c77.js
[31merror during build:
[31mBuild failed with 1 
error:

Error: [vite]: Rolldown 
failed to resolve import 
"react-is" from "C:/Users/ashu
t/Downloads/OnGoingProjects/IR
ONLOG/kasrat/node_modules/rech
arts/es6/util/ReactUtils.js".
This is most likely 
unintended because it can 
break your application at 
runtime.
If you do want to externalize 
this module explicitly add it 
to
`build.rollupOptions.external`
    at viteLog (file:///C:/Use
rs/ashut/Downloads/OnGoingProj
ects/IRONLOG/kasrat/node_modul
es/vite/dist/node/chunks/node.
js:33111:57)
    at file:///C:/Users/ashut/
Downloads/OnGoingProjects/IRON
LOG/kasrat/node_modules/vite/d
ist/node/chunks/node.js:33147:
71
    at onwarn (file:///C:/User
s/ashut/Downloads/OnGoingProje
cts/IRONLOG/kasrat/node_module
s/@vitejs/plugin-react/dist/in
dex.js:40:7)
    at file:///C:/Users/ashut/
Downloads/OnGoingProjects/IRON
LOG/kasrat/node_modules/vite/d
ist/node/chunks/node.js:33147:
28
    at onRollupLog (file:///C:
/Users/ashut/Downloads/OnGoing
Projects/IRONLOG/kasrat/node_m
odules/vite/dist/node/chunks/n
ode.js:33142:63)
    at onLog (file:///C:/Users
/ashut/Downloads/OnGoingProjec
ts/IRONLOG/kasrat/node_modules
/vite/dist/node/chunks/node.js
:32911:4)
    at file:///C:/Users/ashut/
Downloads/OnGoingProjects/IRON
LOG/kasrat/node_modules/rolldo
wn/dist/shared/rolldown-build-
DSxL8qiP.mjs:50:26
    at logger (file:///C:/User
s/ashut/Downloads/OnGoingProje
cts/IRONLOG/kasrat/node_module
s/rolldown/dist/shared/rolldow
n-build-DSxL8qiP.mjs:41:3)
    at onLog (file:///C:/Users
/ashut/Downloads/OnGoingProjec
ts/IRONLOG/kasrat/node_modules
/rolldown/dist/shared/bindingi
fy-input-options-DbbBhzky.mjs:
1991:32)[31m
    at aggregateBindingErrorsI
ntoJsError (file:///C:/Users/a
shut/Downloads/OnGoingProjects
/IRONLOG/kasrat/node_modules/r
olldown/dist/shared/error-DL-e
8-oE.mjs:48:18)
    at unwrapBindingResult (fi
le:///C:/Users/ashut/Downloads
/OnGoingProjects/IRONLOG/kasra
t/node_modules/rolldown/dist/s
hared/error-DL-e8-oE.mjs:18:12
8)
    at #build (file:///C:/User
s/ashut/Downloads/OnGoingProje
cts/IRONLOG/kasrat/node_module
s/rolldown/dist/shared/rolldow
n-build-DSxL8qiP.mjs:3317:34)
    at async buildEnvironment 
(file:///C:/Users/ashut/Downlo
ads/OnGoingProjects/IRONLOG/ka
srat/node_modules/vite/dist/no
de/chunks/node.js:33018:64)
    at async Object.build (fil
e:///C:/Users/ashut/Downloads/
OnGoingProjects/IRONLOG/kasrat
/node_modules/vite/dist/node/c
hunks/node.js:33440:19)
    at async Object.buildApp (
file:///C:/Users/ashut/Downloa
ds/OnGoingProjects/IRONLOG/kas
rat/node_modules/vite/dist/nod
e/chunks/node.js:33437:153)
    at async CAC.<anonymous> (
file:///C:/Users/ashut/Downloa
ds/OnGoingProjects/IRONLOG/kas
rat/node_modules/vite/dist/nod
e/cli.js:778:3) {
  errors: [Getter/Setter]
}[39m
